>mir1,mir1idealizedpurinestrand5to3,240.00,-249.51,2 21,13 34,20,75.00%,75.00%,uAUGUAUGAAGAAAUGUAAGGu, $ $ $ $$$$$$$ $ $$$$ ,aAAGAAAGAAGAAAAGAAAGGa,parallel,direct,purine
