Energy	Score	Frequency	Better_Frequency	Better_Count	Better_Fraction
-105.100000	120.000000	65102	0	0	0.000000e+00
-106.100000	116.000000	2448892	0	0	0.000000e+00
-106.100000	112.000000	1	2448892	1	1.262428e-01
-102.700000	107.000000	565	2513995	3	1.295989e-01
-104.400000	100.000000	13992351	2513995	3	1.295989e-01
-105.100000	96.000000	233670	2513995	3	1.295989e-01
-105.100000	92.000000	1964	2747665	4	1.416448e-01
-102.700000	95.000000	4556	16740581	6	8.629933e-01
-102.700000	88.000000	55954	16747101	8	8.633294e-01
-102.700000	80.000000	2595219	16803055	9	8.662139e-01
